[history.cpp:283]: Executing History from -1.1.1 to  2.1.1
[history.cpp:283]: Executing History from 2.1.1 to  1928.1.1
[history.cpp:283]: Executing History from 1928.1.1 to  2246.1.2
[controlcommands.cpp:80]: Human MrHuman set as primary local
[frontend.cpp:648]: 

		[[ Launching SINGLEPLAYER-game ]]
	Start-date: 2246.1.2
	Country: 魏


[gamestate.cpp:2203]: YAN is a 'lucky' nation.33
[gamestate.cpp:2203]: ZHO is a 'lucky' nation.28
[gamestate.cpp:2203]: CAI is a 'lucky' nation.24
[gamestate.cpp:2203]: CHE is a 'lucky' nation.21
[gamestate.cpp:2203]: LUG is a 'lucky' nation.21
[gamestate.cpp:2203]: HYI is a 'lucky' nation.20
[gamestate.cpp:2203]: ZGO is a 'lucky' nation.19
[gamestate.cpp:2203]: QIG is a 'lucky' nation.18
[messagehandler.h:261]: 2 正月, 2246 我们接受了任务收复河东. 
[messagehandler.h:261]: 2 正月, 2246 事件: 郜  发生了"君主死亡"事件. 
[messagehandler.h:261]: 2 正月, 2246 事件: 茅  发生了"君主死亡"事件. 
[messagehandler.h:261]: 2 正月, 2246 事件: 牟  发生了"君主死亡"事件. 
[messagehandler.h:261]: 2 正月, 2246 事件: 遂  发生了"君主死亡"事件. 
[messagehandler.h:261]: 2 正月, 2246 事件: 向  发生了"君主死亡"事件. 
[messagehandler.h:261]: 2 正月, 2246 事件: 鄅  发生了"君主死亡"事件. 
[messagehandler.h:261]: 2 正月, 2246 事件: 荡社氏  发生了"君主死亡"事件. 
[messagehandler.h:261]: 2 正月, 2246 事件: 乌氏  发生了"君主死亡"事件. 
[messagehandler.h:261]: 2 正月, 2246 事件: 骊山氏  发生了"君主死亡"事件. 
[messagehandler.h:261]: 2 正月, 2246 事件: 彭戏氏  发生了"君主死亡"事件. 
[messagehandler.h:261]: 2 正月, 2246 事件: 西不羹  发生了"君主死亡"事件. 
[messagehandler.h:261]: 2 正月, 2246 事件: 应  发生了"君主死亡"事件. 
[messagehandler.h:261]: 2 正月, 2246 事件: 榖  发生了"君主死亡"事件. 
[messagehandler.h:261]: 2 正月, 2246 事件: 卢  发生了"君主死亡"事件. 
[messagehandler.h:261]: 2 正月, 2246 事件: 鄀  发生了"君主死亡"事件. 
[messagehandler.h:261]: 2 正月, 2246 事件: 州  发生了"君主死亡"事件. 
[messagehandler.h:261]: 2 正月, 2246 事件: 蒋  发生了"君主死亡"事件. 
[messagehandler.h:261]: 2 正月, 2246 事件: 巢  发生了"君主死亡"事件. 
[messagehandler.h:261]: 2 正月, 2246 事件: 邗  发生了"君主死亡"事件. 
[messagehandler.h:261]: 2 正月, 2246 事件: 邛  发生了"君主死亡"事件. 
[messagehandler.h:261]: 2 正月, 2246 事件: 笮  发生了"君主死亡"事件. 
[messagehandler.h:261]: 2 正月, 2246 事件: 夜郎  发生了"君主死亡"事件. 
[messagehandler.h:261]: 2 正月, 2246 事件: 牂牁  发生了"君主死亡"事件. 
[messagehandler.h:261]: 2 正月, 2246 事件: 伊洛之戎  发生了"君主死亡"事件. 
[messagehandler.h:261]: 2 正月, 2246 事件: 九江  发生了"君主死亡"事件. 
[messagehandler.h:261]: 2 正月, 2246 事件: 朐衍  发生了"君主死亡"事件. 
[messagehandler.h:261]: 2 正月, 2246 我国发生了"法武同轨"事件. 
[messagehandler.h:261]: 2 正月, 2246 法武同轨在 安邑 被实行( 魏 ). 
[messagehandler.h:261]: 2 正月, 2246 法武同轨在 安邑 被实行( 魏 ). 
[messagehandler.h:261]: 2 正月, 2246 我们借入了一笔货款
[messagehandler.h:261]: 2 正月, 2246 玩家通过决议:
李悝变法. 
[messagehandler.h:261]: 2 正月, 2246 我国稳定度下降
[messagehandler.h:261]: 2 正月, 2246 法武同轨在 安邑 被实行( 魏 ). 
[history.cpp:283]: Executing History from -1.1.1 to  2.1.1
[history.cpp:283]: Executing History from 2.1.1 to  1928.1.1
[history.cpp:283]: Executing History from 1928.1.1 to  2246.1.2
[controlcommands.cpp:80]: Human MrHuman set as primary local
[frontend.cpp:648]: 

		[[ Launching SINGLEPLAYER-game ]]
	Start-date: 2246.1.2
	Country: 韩


[gamestate.cpp:2203]: CHU is a 'lucky' nation.32
[gamestate.cpp:2203]: QIG is a 'lucky' nation.26
[gamestate.cpp:2203]: WEI is a 'lucky' nation.26
[gamestate.cpp:2203]: YGO is a 'lucky' nation.24
[gamestate.cpp:2203]: YXU is a 'lucky' nation.24
[gamestate.cpp:2203]: SGU is a 'lucky' nation.24
[gamestate.cpp:2203]: YAN is a 'lucky' nation.22
[gamestate.cpp:2203]: CAO is a 'lucky' nation.22
[messagehandler.h:261]: 2 正月, 2246 我们接受了任务收回 渑池. 
[messagehandler.h:261]: 2 正月, 2246 事件: 郜  发生了"君主死亡"事件. 
[messagehandler.h:261]: 2 正月, 2246 事件: 茅  发生了"君主死亡"事件. 
[messagehandler.h:261]: 2 正月, 2246 事件: 牟  发生了"君主死亡"事件. 
[messagehandler.h:261]: 2 正月, 2246 事件: 遂  发生了"君主死亡"事件. 
[messagehandler.h:261]: 2 正月, 2246 事件: 向  发生了"君主死亡"事件. 
[messagehandler.h:261]: 2 正月, 2246 事件: 鄅  发生了"君主死亡"事件. 
[messagehandler.h:261]: 2 正月, 2246 事件: 荡社氏  发生了"君主死亡"事件. 
[messagehandler.h:261]: 2 正月, 2246 事件: 乌氏  发生了"君主死亡"事件. 
[messagehandler.h:261]: 2 正月, 2246 事件: 骊山氏  发生了"君主死亡"事件. 
[messagehandler.h:261]: 2 正月, 2246 事件: 彭戏氏  发生了"君主死亡"事件. 
[messagehandler.h:261]: 2 正月, 2246 事件: 西不羹  发生了"君主死亡"事件. 
[messagehandler.h:261]: 2 正月, 2246 事件: 应  发生了"君主死亡"事件. 
[messagehandler.h:261]: 2 正月, 2246 事件: 榖  发生了"君主死亡"事件. 
[messagehandler.h:261]: 2 正月, 2246 事件: 卢  发生了"君主死亡"事件. 
[messagehandler.h:261]: 2 正月, 2246 事件: 鄀  发生了"君主死亡"事件. 
[messagehandler.h:261]: 2 正月, 2246 事件: 州  发生了"君主死亡"事件. 
[messagehandler.h:261]: 2 正月, 2246 事件: 蒋  发生了"君主死亡"事件. 
[messagehandler.h:261]: 2 正月, 2246 事件: 巢  发生了"君主死亡"事件. 
[messagehandler.h:261]: 2 正月, 2246 事件: 邗  发生了"君主死亡"事件. 
[messagehandler.h:261]: 2 正月, 2246 事件: 邛  发生了"君主死亡"事件. 
[messagehandler.h:261]: 2 正月, 2246 事件: 笮  发生了"君主死亡"事件. 
[messagehandler.h:261]: 2 正月, 2246 事件: 夜郎  发生了"君主死亡"事件. 
[messagehandler.h:261]: 2 正月, 2246 事件: 牂牁  发生了"君主死亡"事件. 
[messagehandler.h:261]: 2 正月, 2246 事件: 伊洛之戎  发生了"君主死亡"事件. 
[messagehandler.h:261]: 2 正月, 2246 事件: 九江  发生了"君主死亡"事件. 
[messagehandler.h:261]: 2 正月, 2246 事件: 朐衍  发生了"君主死亡"事件. 
[messagehandler.h:261]: 2 正月, 2246 我国发生了"解锁天赋——弩强剑利"事件. 
[messagehandler.h:261]: 2 正月, 2246 我国发生了"法武同轨"事件. 
